[
    {
        "key": "common",
        "type": "nested",
        "children": [
            {
                "key": "setting1",
                "type": "unchanged",
                "value": "Value 1"
            },
            {
                "key": "setting2",
                "type": "unchanged",
                "value": 200
            },
            {
                "key": "setting3",
                "type": "unchanged",
                "value": true
            },
            {
                "key": "setting6",
                "type": "nested",
                "children": [
                    {
                        "key": "doge",
                        "type": "nested",
                        "children": [
                            {
                                "key": "wow",
                                "type": "unchanged",
                                "value": ""
                            }
                        ]
                    },
                    {
                        "key": "key",
                        "type": "unchanged",
                        "value": "value"
                    }
                ]
            }
        ]
    },
    {
        "key": "group1",
        "type": "nested",
        "children": [
            {
                "key": "baz",
                "type": "unchanged",
                "value": "bas"
            },
            {
                "key": "foo",
                "type": "unchanged",
                "value": "bar"
            },
            {
                "key": "nest",
                "type": "nested",
                "children": [
                    {
                        "key": "key",
                        "type": "unchanged",
                        "value": "value"
                    }
                ]
            }
        ]
    },
    {
        "key": "group2",
        "type": "nested",
        "children": [
            {
                "key": "abc",
                "type": "unchanged",
                "value": 12345
            },
            {
                "key": "deep",
                "type": "nested",
                "children": [
                    {
                        "key": "id",
                        "type": "unchanged",
                        "value": 45
                    }
                ]
            }
        ]
    }
]