[
    {
        "key": "common",
        "type": "added",
        "new_value": {
            "setting1": "Value 1",
            "setting2": 200,
            "setting3": true,
            "setting6": {
                "key": "value",
                "doge": {
                    "wow": ""
                }
            }
        }
    },
    {
        "key": "group1",
        "type": "added",
        "new_value": {
            "baz": "bas",
            "foo": "bar",
            "nest": {
                "key": "value"
            }
        }
    },
    {
        "key": "group2",
        "type": "added",
        "new_value": {
            "abc": 12345,
            "deep": {
                "id": 45
            }
        }
    }
]